// Vitest Snapshot v1, https://vitest.dev/guide/snapshot.html

exports[`public API surface > exposes a stable, sorted set of named exports 1`] = `
[
  "DEFAULT_YAPPR_KEY_EXCHANGE_CONFIG",
  "PlatformAuthController",
  "PlatformAuthProvider",
  "YAPPR_KEY_EXCHANGE_VERSION",
  "YAPPR_NETWORK_IDS",
  "YAPPR_STATE_TRANSITION_VERSION",
  "buildYapprKeyExchangeUri",
  "buildYapprStateTransitionUri",
  "clearSensitiveBytes",
  "createBrowserSecretStore",
  "createPasskeyWithPrf",
  "decodeYapprContractId",
  "decodeYapprIdentityId",
  "decryptYapprKeyExchangeResponse",
  "decryptYapprLoginKey",
  "deriveYapprAuthKeyFromLogin",
  "deriveYapprEncryptionKeyFromLogin",
  "deriveYapprSharedSecret",
  "generatePrfInput",
  "generateYapprEphemeralKeyPair",
  "getDefaultRpId",
  "getPasskeyAllowCredentialIds",
  "getPasskeyPrfSupport",
  "getPrfAssertionForCredentials",
  "getYapprPublicKey",
  "hash160",
  "parseYapprKeyExchangeUri",
  "parseYapprStateTransitionUri",
  "pollForYapprKeyExchangeResponse",
  "selectDiscoverablePasskey",
  "serializeYapprKeyExchangeRequest",
  "usePlatformAuth",
  "useYapprKeyExchangeLogin",
  "useYapprKeyRegistration",
]
`;
